sep> ###########
#x+++++++*#
###########
sep> [ERR] Invalid move.
sep> ###########
#*+++++++o#
###########
Congratulation! You solved the maze.
sep> ###########
#x+++++++*#
###########
sep> [ERR] Invalid move.
sep> [ERR] Invalid move.
sep> ###########
#*+++++++o#
###########
Congratulation! You solved the maze.
sep> Bye!
